Checking API Key: AIzaS...

Testing model: gemini-1.5-flash...

Testing model: gemini-pro...
Γ¥î Failed with gemini-1.5-flash:
[GoogleGenerativeAI Error]: Error fetching from https://generativelanguage.googleapis.com/v1beta/models/gemini-1.5-flash:generateContent: [404 Not Found] models/gemini-1.5-flash is not found for API version v1beta, or is not supported for generateContent. Call ListModels to see the list of available models and their supported methods.
Γ¥î Failed with gemini-pro:

ΓÜá∩╕Å All model tests failed. Please check your API usage or Key permissions.
[GoogleGenerativeAI Error]: Error fetching from https://generativelanguage.googleapis.com/v1beta/models/gemini-pro:generateContent: [404 Not Found] models/gemini-pro is not found for API version v1beta, or is not supported for generateContent. Call ListModels to see the list of available models and their supported methods.
